Test failed for graph 2 at vertex 1
[[5, 6], [5], [6], [6], [6], [0, 1, 6], [0, 2, 3, 4, 5]]
 and visited (0, 1, 0, 0, 0, 0, 1)
 stalker ([0, 0, 0, 0, 0, 0, 0], [1, 2, 3, 4])
Test failed for graph 6 at vertex 3
[[5, 6], [5, 6], [5], [6], [6], [0, 1, 2, 6], [0, 1, 3, 4, 5]]
 and visited (0, 0, 1, 0, 0, 0, 1)
 stalker ([0, 0, 1, 1, 1, 0, 0], [2, 3, 4])
Test failed for graph 6 at vertex 4
[[5, 6], [5, 6], [5], [6], [6], [0, 1, 2, 6], [0, 1, 3, 4, 5]]
 and visited (0, 0, 1, 0, 0, 0, 1)
 stalker ([0, 0, 1, 1, 1, 0, 0], [2, 3, 4])
Test failed for graph 7 at vertex 3
[[5, 6], [5, 6], [5, 6], [6], [6], [0, 1, 2], [0, 1, 2, 3, 4]]
 and visited (0, 0, 0, 0, 0, 1, 1)
 stalker ([0, 0, 0, 1, 1, 1, 0], [3, 4, 5])
Test failed for graph 7 at vertex 4
[[5, 6], [5, 6], [5, 6], [6], [6], [0, 1, 2], [0, 1, 2, 3, 4]]
 and visited (0, 0, 0, 0, 0, 1, 1)
 stalker ([0, 0, 0, 1, 1, 1, 0], [3, 4, 5])
Test failed for graph 9 at vertex 3
[[5, 6], [5, 6], [5, 6], [5], [6], [0, 1, 2, 3, 6], [0, 1, 2, 4, 5]]
 and visited (0, 0, 0, 0, 0, 1, 1)
 stalker ([0, 0, 0, 1, 1, 0, 0], [3, 4])
Test failed for graph 9 at vertex 4
[[5, 6], [5, 6], [5, 6], [5], [6], [0, 1, 2, 3, 6], [0, 1, 2, 4, 5]]
 and visited (0, 0, 0, 0, 0, 1, 1)
 stalker ([0, 0, 0, 1, 1, 0, 0], [3, 4])
Test failed for graph 10 at vertex 4
[[5, 6], [5, 6], [5, 6], [5, 6], [6], [0, 1, 2, 3], [0, 1, 2, 3, 4]]
 and visited (0, 0, 0, 0, 0, 1, 1)
 stalker ([0, 0, 0, 0, 1, 1, 0], [4, 5])
Test failed for graph 28 at vertex 4
[[4, 5, 6], [6], [6], [6], [0, 5], [0, 4], [0, 1, 2, 3]]
 and visited (0, 0, 0, 0, 1, 1, 1)
 stalker ([0, 0, 0, 0, 0, 0, 0], [1, 2, 3, 4, 5])
Test failed for graph 28 at vertex 5
[[4, 5, 6], [6], [6], [6], [0, 5], [0, 4], [0, 1, 2, 3]]
 and visited (0, 0, 0, 0, 1, 1, 1)
 stalker ([0, 0, 0, 0, 0, 0, 0], [1, 2, 3, 4, 5])
Test failed for graph 29 at vertex 5
[[4, 5, 6], [6], [6], [6], [0, 5, 6], [0, 4], [0, 1, 2, 3, 4]]
 and visited (0, 0, 0, 0, 0, 1, 1)
 stalker ([0, 0, 0, 0, 0, 0, 0], [1, 2, 3, 5])
